[2023-02-08T13:54:52.472+0300][0.008s][info][gc] Using G1
[2023-02-08T13:54:52.473+0300][0.008s][debug][gc] ConcGCThreads: 2 offset 16
[2023-02-08T13:54:52.473+0300][0.008s][debug][gc] ParallelGCThreads: 8
[2023-02-08T13:54:52.473+0300][0.008s][debug][gc] Initialize mark stack with 4096 chunks, maximum 524288
[2023-02-08T13:54:52.696+0300][0.232s][info ][gc] GC(0) Pause Young (Concurrent Start) (G1 Humongous Allocation) 53M->51M(128M) 67.998ms
[2023-02-08T13:54:52.696+0300][0.232s][info ][gc] GC(1) Concurrent Undo Cycle
[2023-02-08T13:54:52.719+0300][0.255s][info ][gc] GC(1) Concurrent Undo Cycle 22.945ms
[2023-02-08T13:54:52.829+0300][0.364s][info ][gc] GC(2) Pause Young (Concurrent Start) (G1 Humongous Allocation) 75M->75M(128M) 94.682ms
[2023-02-08T13:54:52.830+0300][0.366s][info ][gc] GC(3) Concurrent Mark Cycle
[2023-02-08T13:54:52.855+0300][0.391s][debug][gc] GC(3) Reclaimed 50 empty regions
[2023-02-08T13:54:52.855+0300][0.391s][info ][gc] GC(3) Pause Remark 111M->61M(128M) 0.566ms
[2023-02-08T13:54:52.875+0300][0.411s][info ][gc] GC(3) Pause Cleanup 61M->61M(128M) 0.122ms
[2023-02-08T13:54:52.876+0300][0.412s][info ][gc] GC(3) Concurrent Mark Cycle 45.820ms
