[2023-02-08T13:43:01.693+0300][0.006s][info][gc] Using G1
[2023-02-08T13:43:01.694+0300][0.006s][debug][gc] ConcGCThreads: 2 offset 16
[2023-02-08T13:43:01.694+0300][0.006s][debug][gc] ParallelGCThreads: 8
[2023-02-08T13:43:01.694+0300][0.006s][debug][gc] Initialize mark stack with 4096 chunks, maximum 524288
[2023-02-08T13:43:01.779+0300][0.093s][info ][gc] GC(0) Pause Young (Normal) (G1 Evacuation Pause) 24M->6M(256M) 4.278ms
[2023-02-08T13:43:01.807+0300][0.119s][info ][gc] GC(1) Pause Young (Normal) (G1 Evacuation Pause) 36M->14M(256M) 11.114ms
[2023-02-08T13:43:01.866+0300][0.178s][info ][gc] GC(2) Pause Young (Normal) (G1 Evacuation Pause) 73M->32M(256M) 16.317ms
[2023-02-08T13:43:01.939+0300][0.252s][info ][gc] GC(3) Pause Young (Normal) (G1 Evacuation Pause) 103M->51M(256M) 21.533ms
[2023-02-08T13:43:02.022+0300][0.334s][info ][gc] GC(4) Pause Young (Normal) (G1 Evacuation Pause) 139M->75M(256M) 22.631ms
[2023-02-08T13:43:02.125+0300][0.439s][info ][gc] GC(5) Pause Young (Normal) (G1 Evacuation Pause) 176M->106M(256M) 31.044ms
[2023-02-08T13:43:02.194+0300][0.506s][info ][gc] GC(6) Pause Young (Normal) (G1 Evacuation Pause) 184M->122M(256M) 23.103ms
[2023-02-08T13:43:02.205+0300][0.518s][info ][gc] GC(7) Pause Young (Concurrent Start) (G1 Humongous Allocation) 127M->126M(256M) 8.989ms
[2023-02-08T13:43:02.205+0300][0.518s][info ][gc] GC(8) Concurrent Mark Cycle
[2023-02-08T13:43:02.276+0300][0.589s][info ][gc] GC(9) Pause Young (Normal) (G1 Evacuation Pause) 212M->156M(256M) 8.783ms
[2023-02-08T13:43:02.298+0300][0.611s][debug][gc] GC(8) Reclaimed 23 empty regions
[2023-02-08T13:43:02.298+0300][0.611s][info ][gc] GC(8) Pause Remark 182M->159M(256M) 0.795ms
[2023-02-08T13:43:02.322+0300][0.635s][info ][gc] GC(10) Pause Young (Normal) (G1 Evacuation Pause) 183M->144M(256M) 10.771ms
[2023-02-08T13:43:02.359+0300][0.672s][info ][gc] GC(8) Pause Cleanup 201M->201M(256M) 0.137ms
[2023-02-08T13:43:02.360+0300][0.673s][info ][gc] GC(8) Concurrent Mark Cycle 155.622ms
[2023-02-08T13:43:02.371+0300][0.684s][info ][gc] GC(11) Pause Young (Prepare Mixed) (G1 Evacuation Pause) 203M->157M(256M) 11.040ms
[2023-02-08T13:43:02.379+0300][0.692s][info ][gc] GC(12) Pause Young (Mixed) (G1 Evacuation Pause) 160M->159M(256M) 6.045ms
[2023-02-08T13:43:02.398+0300][0.711s][info ][gc] GC(13) Pause Young (Concurrent Start) (G1 Humongous Allocation) 186M->164M(256M) 4.509ms
[2023-02-08T13:43:02.398+0300][0.711s][info ][gc] GC(14) Concurrent Mark Cycle
[2023-02-08T13:43:02.447+0300][0.759s][info ][gc] GC(15) Pause Young (Normal) (G1 Evacuation Pause) 232M->196M(256M) 10.029ms
[2023-02-08T13:43:02.468+0300][0.780s][info ][gc] GC(16) Pause Young (Normal) (G1 Evacuation Pause) 218M->201M(256M) 6.937ms
[2023-02-08T13:43:02.486+0300][0.799s][info ][gc] GC(17) Pause Young (Normal) (G1 Evacuation Pause) 220M->206M(256M) 4.433ms
[2023-02-08T13:43:02.505+0300][0.817s][info ][gc] GC(18) Pause Young (Normal) (G1 Evacuation Pause) 222M->209M(256M) 3.878ms
[2023-02-08T13:43:02.520+0300][0.832s][info ][gc] GC(19) Pause Young (Normal) (G1 Evacuation Pause) 222M->212M(256M) 3.469ms
[2023-02-08T13:43:02.531+0300][0.843s][info ][gc] GC(20) Pause Young (Normal) (G1 Evacuation Pause) 223M->215M(256M) 3.042ms
[2023-02-08T13:43:02.543+0300][0.855s][info ][gc] GC(21) Pause Young (Normal) (G1 Evacuation Pause) 225M->217M(256M) 3.102ms
[2023-02-08T13:43:02.555+0300][0.867s][info ][gc] GC(22) Pause Young (Normal) (G1 Evacuation Pause) 227M->219M(256M) 3.101ms
[2023-02-08T13:43:02.566+0300][0.879s][info ][gc] GC(23) Pause Young (Normal) (G1 Evacuation Pause) 229M->221M(256M) 3.358ms
[2023-02-08T13:43:02.573+0300][0.886s][debug][gc] GC(14) Reclaimed 11 empty regions
[2023-02-08T13:43:02.574+0300][0.886s][info ][gc] GC(14) Pause Remark 231M->220M(256M) 0.777ms
[2023-02-08T13:43:02.578+0300][0.890s][info ][gc] GC(24) Pause Young (Normal) (G1 Evacuation Pause) 220M->213M(256M) 3.411ms
[2023-02-08T13:43:02.589+0300][0.902s][info ][gc] GC(25) Pause Young (Normal) (G1 Evacuation Pause) 224M->215M(256M) 3.407ms
[2023-02-08T13:43:02.598+0300][0.911s][info ][gc] GC(26) Pause Young (Normal) (G1 Evacuation Pause) 225M->217M(256M) 3.364ms
[2023-02-08T13:43:02.607+0300][0.920s][info ][gc] GC(27) Pause Young (Normal) (G1 Evacuation Pause) 227M->219M(256M) 3.003ms
[2023-02-08T13:43:02.618+0300][0.930s][info ][gc] GC(28) Pause Young (Normal) (G1 Evacuation Pause) 229M->221M(256M) 3.252ms
[2023-02-08T13:43:02.627+0300][0.940s][info ][gc] GC(29) Pause Young (Normal) (G1 Evacuation Pause) 231M->224M(256M) 3.282ms
[2023-02-08T13:43:02.636+0300][0.949s][info ][gc] GC(30) Pause Young (Normal) (G1 Evacuation Pause) 234M->226M(256M) 2.947ms
[2023-02-08T13:43:02.646+0300][0.959s][info ][gc] GC(31) Pause Young (Normal) (G1 Evacuation Pause) 236M->228M(256M) 2.969ms
[2023-02-08T13:43:02.655+0300][0.967s][info ][gc] GC(32) Pause Young (Normal) (G1 Evacuation Pause) 238M->230M(256M) 2.984ms
[2023-02-08T13:43:02.664+0300][0.977s][info ][gc] GC(33) Pause Young (Normal) (G1 Evacuation Pause) 240M->232M(256M) 3.038ms
[2023-02-08T13:43:02.675+0300][0.988s][info ][gc] GC(34) Pause Young (Normal) (G1 Evacuation Pause) 242M->234M(256M) 2.972ms
[2023-02-08T13:43:02.684+0300][0.997s][info ][gc] GC(35) Pause Young (Normal) (G1 Evacuation Pause) 244M->236M(256M) 3.212ms
[2023-02-08T13:43:02.694+0300][1.007s][info ][gc] GC(36) Pause Young (Normal) (G1 Evacuation Pause) 246M->239M(256M) 3.027ms
[2023-02-08T13:43:02.695+0300][1.008s][info ][gc] GC(14) Pause Cleanup 239M->239M(256M) 0.194ms
[2023-02-08T13:43:02.696+0300][1.009s][info ][gc] GC(14) Concurrent Mark Cycle 298.077ms
[2023-02-08T13:43:02.703+0300][1.016s][info ][gc] GC(37) Pause Young (Prepare Mixed) (G1 Evacuation Pause) 249M->241M(256M) 3.240ms
[2023-02-08T13:43:02.711+0300][1.024s][info ][gc] GC(38) Pause Young (Mixed) (G1 Preventive Collection) 249M->241M(256M) 3.116ms
[2023-02-08T13:43:02.719+0300][1.032s][info ][gc] GC(39) Pause Young (Concurrent Start) (G1 Preventive Collection) 250M->243M(256M) 2.976ms
[2023-02-08T13:43:02.719+0300][1.032s][info ][gc] GC(40) Concurrent Mark Cycle
[2023-02-08T13:43:02.722+0300][1.035s][info ][gc] GC(41) Pause Young (Normal) (G1 Humongous Allocation) 244M->244M(256M) 2.076ms
[2023-02-08T13:43:02.723+0300][1.036s][debug][gc] GC(42) Clear Next Bitmap 0.279ms
[2023-02-08T13:43:02.839+0300][1.152s][info ][gc] GC(42) Pause Full (G1 Compaction Pause) 244M->213M(256M) 116.124ms
[2023-02-08T13:43:03.003+0300][1.316s][info ][gc] GC(43) Pause Full (G1 Compaction Pause) 213M->212M(256M) 164.072ms
[2023-02-08T13:43:03.004+0300][1.316s][info ][gc] GC(40) Concurrent Mark Cycle 284.029ms
