[2023-02-08T13:44:52.046+0300][0.008s][info][gc] Using G1
[2023-02-08T13:44:52.046+0300][0.009s][debug][gc] ConcGCThreads: 2 offset 16
[2023-02-08T13:44:52.047+0300][0.009s][debug][gc] ParallelGCThreads: 8
[2023-02-08T13:44:52.047+0300][0.009s][debug][gc] Initialize mark stack with 4096 chunks, maximum 524288
[2023-02-08T13:44:52.324+0300][0.286s][info ][gc] GC(0) Pause Young (Normal) (G1 Evacuation Pause) 228M->64M(4096M) 55.023ms
[2023-02-08T13:44:52.434+0300][0.396s][info ][gc] GC(1) Pause Young (Normal) (G1 Evacuation Pause) 254M->113M(4096M) 56.812ms
[2023-02-08T13:44:52.604+0300][0.566s][info ][gc] GC(2) Pause Young (Normal) (G1 Evacuation Pause) 307M->168M(4096M) 54.712ms
[2023-02-08T13:44:52.756+0300][0.719s][info ][gc] GC(3) Pause Young (Normal) (G1 Evacuation Pause) 370M->231M(4096M) 39.362ms
[2023-02-08T13:44:52.889+0300][0.851s][info ][gc] GC(4) Pause Young (Normal) (G1 Evacuation Pause) 409M->270M(4096M) 35.858ms
[2023-02-08T13:44:53.039+0300][1.002s][info ][gc] GC(5) Pause Young (Normal) (G1 Evacuation Pause) 484M->334M(4096M) 25.974ms
[2023-02-08T13:44:53.165+0300][1.127s][info ][gc] GC(6) Pause Young (Normal) (G1 Evacuation Pause) 512M->368M(4096M) 30.332ms
[2023-02-08T13:44:53.298+0300][1.259s][info ][gc] GC(7) Pause Young (Normal) (G1 Evacuation Pause) 546M->406M(4096M) 35.041ms
[2023-02-08T13:44:53.484+0300][1.447s][info ][gc] GC(8) Pause Young (Normal) (G1 Evacuation Pause) 648M->458M(4096M) 41.210ms
[2023-02-08T13:44:53.686+0300][1.648s][info ][gc] GC(9) Pause Young (Normal) (G1 Evacuation Pause) 732M->517M(4096M) 49.378ms
[2023-02-08T13:44:53.895+0300][1.857s][info ][gc] GC(10) Pause Young (Normal) (G1 Evacuation Pause) 823M->532M(4096M) 31.835ms
[2023-02-08T13:44:56.169+0300][4.131s][info ][gc] GC(11) Pause Young (Normal) (G1 Evacuation Pause) 2944M->622M(4096M) 176.202ms
[2023-02-08T13:44:56.854+0300][4.816s][info ][gc] GC(12) Pause Young (Normal) (G1 Evacuation Pause) 988M->496M(4096M) 9.627ms
[2023-02-08T13:44:57.881+0300][5.844s][info ][gc] GC(13) Pause Young (Normal) (G1 Evacuation Pause) 1010M->591M(4096M) 129.849ms
[2023-02-08T13:44:58.756+0300][6.718s][info ][gc] GC(14) Pause Young (Normal) (G1 Evacuation Pause) 1031M->682M(4096M) 183.361ms
[2023-02-08T13:44:59.443+0300][7.405s][info ][gc] GC(15) Pause Young (Normal) (G1 Evacuation Pause) 1068M->690M(4096M) 84.542ms
[2023-02-08T13:44:59.835+0300][7.797s][info ][gc] GC(16) Pause Young (Normal) (G1 Evacuation Pause) 1198M->794M(4096M) 89.061ms
[2023-02-08T13:45:00.221+0300][8.184s][info ][gc] GC(17) Pause Young (Normal) (G1 Evacuation Pause) 1266M->789M(4096M) 51.817ms
[2023-02-08T13:45:00.800+0300][8.762s][info ][gc] GC(18) Pause Young (Normal) (G1 Evacuation Pause) 1589M->748M(4096M) 14.746ms
[2023-02-08T13:45:01.719+0300][9.681s][info ][gc] GC(19) Pause Young (Normal) (G1 Evacuation Pause) 2286M->851M(4096M) 76.143ms
[2023-02-08T13:45:02.464+0300][10.426s][info ][gc] GC(20) Pause Young (Normal) (G1 Evacuation Pause) 2241M->730M(4096M) 4.979ms
[2023-02-08T13:45:03.777+0300][11.739s][info ][gc] GC(21) Pause Young (Normal) (G1 Evacuation Pause) 3178M->812M(4096M) 50.065ms
