[2023-02-08T13:55:03.383+0300][0.006s][info][gc] Using G1
[2023-02-08T13:55:03.383+0300][0.007s][debug][gc] ConcGCThreads: 2 offset 16
[2023-02-08T13:55:03.383+0300][0.007s][debug][gc] ParallelGCThreads: 8
[2023-02-08T13:55:03.383+0300][0.007s][debug][gc] Initialize mark stack with 4096 chunks, maximum 524288
[2023-02-08T13:55:03.628+0300][0.251s][info ][gc] GC(0) Pause Young (Concurrent Start) (G1 Humongous Allocation) 53M->51M(128M) 83.776ms
[2023-02-08T13:55:03.628+0300][0.251s][info ][gc] GC(1) Concurrent Undo Cycle
[2023-02-08T13:55:03.647+0300][0.270s][info ][gc] GC(1) Concurrent Undo Cycle 18.582ms
[2023-02-08T13:55:03.790+0300][0.413s][info ][gc] GC(2) Pause Young (Concurrent Start) (G1 Humongous Allocation) 75M->75M(128M) 115.022ms
[2023-02-08T13:55:03.790+0300][0.414s][info ][gc] GC(3) Concurrent Mark Cycle
[2023-02-08T13:55:03.824+0300][0.448s][debug][gc] GC(3) Reclaimed 50 empty regions
[2023-02-08T13:55:03.824+0300][0.448s][info ][gc] GC(3) Pause Remark 111M->61M(128M) 0.702ms
[2023-02-08T13:55:03.847+0300][0.471s][info ][gc] GC(3) Pause Cleanup 61M->61M(128M) 0.047ms
[2023-02-08T13:55:03.848+0300][0.471s][info ][gc] GC(3) Concurrent Mark Cycle 57.729ms
