[2023-02-08T13:54:27.524+0300][0.005s][info][gc] Using G1
[2023-02-08T13:54:27.524+0300][0.006s][debug][gc] ConcGCThreads: 2 offset 16
[2023-02-08T13:54:27.524+0300][0.006s][debug][gc] ParallelGCThreads: 8
[2023-02-08T13:54:27.524+0300][0.006s][debug][gc] Initialize mark stack with 4096 chunks, maximum 524288
[2023-02-08T13:54:27.741+0300][0.223s][info ][gc] GC(0) Pause Young (Concurrent Start) (G1 Humongous Allocation) 53M->51M(128M) 82.035ms
[2023-02-08T13:54:27.742+0300][0.223s][info ][gc] GC(1) Concurrent Undo Cycle
[2023-02-08T13:54:27.743+0300][0.225s][info ][gc] GC(1) Concurrent Undo Cycle 1.811ms
[2023-02-08T13:54:27.893+0300][0.374s][info ][gc] GC(2) Pause Young (Concurrent Start) (G1 Humongous Allocation) 75M->75M(128M) 98.792ms
[2023-02-08T13:54:27.894+0300][0.375s][info ][gc] GC(3) Concurrent Mark Cycle
[2023-02-08T13:54:27.919+0300][0.400s][debug][gc] GC(3) Reclaimed 50 empty regions
[2023-02-08T13:54:27.919+0300][0.400s][info ][gc] GC(3) Pause Remark 111M->61M(128M) 0.536ms
[2023-02-08T13:54:27.943+0300][0.424s][info ][gc] GC(3) Pause Cleanup 61M->61M(128M) 0.084ms
[2023-02-08T13:54:27.944+0300][0.425s][info ][gc] GC(3) Concurrent Mark Cycle 50.348ms
